python /home/ubuntu/module-9-final/mlops/clearml/run_pipeline_local.py
ClearML Task: created new task id=36db4a376984490c81f8842da3461b27
ClearML results page: http://158.160.23.216:8090/projects/cf44a82dc4e745ecb1f9f14e1e6aac60/experiments/36db4a376984490c81f8842da3461b27/output/log
ClearML pipeline page: http://158.160.23.216:8090/pipelines/cf44a82dc4e745ecb1f9f14e1e6aac60/experiments/36db4a376984490c81f8842da3461b27
Running pipeline locally...
Launching the next 2 steps
Launching step [load_data]
Launching step [select_best]
Launching step: load_data
Parameters:
{'kwargs/train_data_path': '/opt/clearml_data/data_for_training.parquet'}
Configurations:
{}
Overrides:
{}
Launching step: select_best
Parameters:
{'kwargs/bucket_name': 'r-mlops-bucket-12-1-1-22209764', 'kwargs/model_key': 'nil_project/models/ranker.pkl', 'kwargs/endpoint_url': 'https://storage.yandexcloud.net', 'kwargs_artifacts/experiment_results': '36db4a376984490c81f8842da3461b27.select_best.experiment_results'}
Configurations:
{}
Overrides:
{}
ClearML results page: http://158.160.23.216:8090/projects/cf44a82dc4e745ecb1f9f14e1e6aac60/experiments/50a0dac3fe1e4063b0d23dff5645c85e/output/log
ClearML results page: http://158.160.23.216:8090/projects/cf44a82dc4e745ecb1f9f14e1e6aac60/experiments/8bf5034e6bb44b4ba6daaf697fd02ad9/output/log
2026-05-24 11:29:36,082 - clearml.resource_monitor - WARNING - Could not fetch GPU stats: NVML Shared Library Not Found
2026-05-24 11:29:36,083 - clearml.resource_monitor - WARNING - Could not fetch GPU stats: NVML Shared Library Not Found
=== load_data START ===
Local path: /opt/clearml_data/data_for_training.parquet
=== select_and_save_best_model START ===
Number of experiment results: 2
  Experiment 1: WARNING - expected dict, got <class 'str'>: ${evaluate_exp1.result_exp1}
Traceback (most recent call last):
  File "/tmp/tmpap1ybg3g.py", line 145, in <module>
    results = select_and_save_best_model(**kwargs)
              ^^^^^^^^^^^^^^^^^^^^^^^^^^^^^^^^^^^^
  File "/tmp/tmpap1ybg3g.py", line 80, in select_and_save_best_model
    raise TypeError(f'Experiment result {i + 1} is not a dictionary: {res}')
TypeError: Experiment result 1 is not a dictionary: ${evaluate_exp1.result_exp1}
DataFrame loaded: 2670609 rows, 11 cols
ClearML Monitor: GPU monitoring failed getting GPU reading, switching off GPU monitoring
ClearML Monitor: GPU monitoring failed getting GPU reading, switching off GPU monitoring
Train size: 2136487, Val size: 534122
=== load_data END ===
Launching the next 0 steps
Launching the next 2 steps
Launching step [train_exp1]
Launching step [train_exp2]
Launching step: train_exp1
Parameters:
{'kwargs/depth': 4, 'kwargs/learning_rate': 0.1, 'kwargs/iterations': 500, 'kwargs_artifacts/X_train': '${load_data.id}.X_train', 'kwargs_artifacts/y_train': '${load_data.id}.y_train'}
Configurations:
{}
Overrides:
{}
Launching step: train_exp2
Parameters:
{'kwargs/depth': 6, 'kwargs/learning_rate': 0.05, 'kwargs/iterations': 300, 'kwargs_artifacts/X_train': '${load_data.id}.X_train', 'kwargs_artifacts/y_train': '${load_data.id}.y_train'}
Configurations:
{}
Overrides:
{}
ClearML results page: http://158.160.23.216:8090/projects/cf44a82dc4e745ecb1f9f14e1e6aac60/experiments/4f6e1f7bb77a487bb18b51c4db2c8c2e/output/log
2026-05-24 11:31:23,743 - clearml.resource_monitor - WARNING - Could not fetch GPU stats: NVML Shared Library Not Found
ClearML results page: http://158.160.23.216:8090/projects/cf44a82dc4e745ecb1f9f14e1e6aac60/experiments/3f58a71d2d1946229a8eadb1ceda7525/output/log
2026-05-24 11:31:23,845 - clearml.resource_monitor - WARNING - Could not fetch GPU stats: NVML Shared Library Not Found
ClearML Monitor: GPU monitoring failed getting GPU reading, switching off GPU monitoring
ClearML Monitor: GPU monitoring failed getting GPU reading, switching off GPU monitoring
=== train_catboost START ===
Params: depth=6, learning_rate=0.05, iterations=300
X_train shape: (2136487, 7), y_train shape: (2136487,)
Creating CatBoost model...
Starting training...
=== train_catboost START ===
Params: depth=4, learning_rate=0.1, iterations=500
X_train shape: (2136487, 7), y_train shape: (2136487,)
Creating CatBoost model...
Starting training...
0:      learn: 0.4829176        total: 423ms    remaining: 3m 30s
0:      learn: 0.5182426        total: 491ms    remaining: 2m 26s
1:      learn: 0.3005441        total: 827ms    remaining: 3m 25s
1:      learn: 0.4004905        total: 910ms    remaining: 2m 15s
2:      learn: 0.1802889        total: 1.2s     remaining: 3m 18s
2:      learn: 0.3083545        total: 1.32s    remaining: 2m 10s
3:      learn: 0.1244445        total: 1.55s    remaining: 3m 11s
3:      learn: 0.2389967        total: 1.75s    remaining: 2m 9s
4:      learn: 0.0972760        total: 1.95s    remaining: 3m 12s
4:      learn: 0.1912164        total: 2.22s    remaining: 2m 11s
5:      learn: 0.0826459        total: 2.35s    remaining: 3m 13s
5:      learn: 0.1609266        total: 2.65s    remaining: 2m 9s
6:      learn: 0.0743824        total: 2.72s    remaining: 3m 11s
6:      learn: 0.1384894        total: 3.12s    remaining: 2m 10s
7:      learn: 0.0686227        total: 3.16s    remaining: 3m 14s
8:      learn: 0.0645813        total: 3.53s    remaining: 3m 12s
7:      learn: 0.1223924        total: 3.57s    remaining: 2m 10s
9:      learn: 0.0616383        total: 3.93s    remaining: 3m 12s
8:      learn: 0.1102465        total: 4.02s    remaining: 2m 9s
10:     learn: 0.0592818        total: 4.34s    remaining: 3m 13s
9:      learn: 0.1006639        total: 4.47s    remaining: 2m 9s
11:     learn: 0.0577079        total: 4.69s    remaining: 3m 10s
10:     learn: 0.0929943        total: 4.9s     remaining: 2m 8s
12:     learn: 0.0564208        total: 5.04s    remaining: 3m 8s
11:     learn: 0.0863571        total: 5.34s    remaining: 2m 8s
13:     learn: 0.0553501        total: 5.4s     remaining: 3m 7s
12:     learn: 0.0812478        total: 5.76s    remaining: 2m 7s
14:     learn: 0.0545279        total: 5.78s    remaining: 3m 7s
15:     learn: 0.0538177        total: 6.18s    remaining: 3m 7s
13:     learn: 0.0769034        total: 6.3s     remaining: 2m 8s
16:     learn: 0.0532756        total: 6.53s    remaining: 3m 5s
14:     learn: 0.0734990        total: 6.74s    remaining: 2m 7s
17:     learn: 0.0528672        total: 6.84s    remaining: 3m 3s
18:     learn: 0.0525253        total: 7.17s    remaining: 3m 1s
15:     learn: 0.0708137        total: 7.23s    remaining: 2m 8s
19:     learn: 0.0522759        total: 7.46s    remaining: 2m 59s
16:     learn: 0.0685743        total: 7.6s     remaining: 2m 6s
20:     learn: 0.0520454        total: 7.81s    remaining: 2m 58s
17:     learn: 0.0663276        total: 8.14s    remaining: 2m 7s
21:     learn: 0.0519178        total: 8.25s    remaining: 2m 59s
18:     learn: 0.0645643        total: 8.56s    remaining: 2m 6s
22:     learn: 0.0517776        total: 8.59s    remaining: 2m 58s
23:     learn: 0.0516445        total: 8.92s    remaining: 2m 56s
19:     learn: 0.0629749        total: 9.02s    remaining: 2m 6s
24:     learn: 0.0515634        total: 9.34s    remaining: 2m 57s
20:     learn: 0.0616324        total: 9.47s    remaining: 2m 5s
25:     learn: 0.0514872        total: 9.7s     remaining: 2m 56s
21:     learn: 0.0604712        total: 9.9s     remaining: 2m 5s
26:     learn: 0.0514125        total: 10.1s    remaining: 2m 56s
22:     learn: 0.0594217        total: 10.5s    remaining: 2m 5s
27:     learn: 0.0513444        total: 10.6s    remaining: 2m 58s
23:     learn: 0.0585238        total: 10.9s    remaining: 2m 5s
28:     learn: 0.0512864        total: 10.9s    remaining: 2m 57s
24:     learn: 0.0577439        total: 11.3s    remaining: 2m 4s
29:     learn: 0.0512437        total: 11.3s    remaining: 2m 57s
30:     learn: 0.0512165        total: 11.7s    remaining: 2m 56s
25:     learn: 0.0570458        total: 11.8s    remaining: 2m 4s
31:     learn: 0.0511953        total: 12.1s    remaining: 2m 56s
26:     learn: 0.0563575        total: 12.2s    remaining: 2m 3s
32:     learn: 0.0511652        total: 12.4s    remaining: 2m 55s
27:     learn: 0.0558231        total: 12.7s    remaining: 2m 2s
33:     learn: 0.0511473        total: 12.7s    remaining: 2m 54s
34:     learn: 0.0511231        total: 13.1s    remaining: 2m 53s
28:     learn: 0.0553268        total: 13.2s    remaining: 2m 3s
35:     learn: 0.0511024        total: 13.4s    remaining: 2m 52s
29:     learn: 0.0548447        total: 13.6s    remaining: 2m 2s
36:     learn: 0.0510913        total: 13.8s    remaining: 2m 52s
30:     learn: 0.0544354        total: 14s      remaining: 2m 1s
37:     learn: 0.0510728        total: 14.2s    remaining: 2m 52s
31:     learn: 0.0540753        total: 14.5s    remaining: 2m 1s
38:     learn: 0.0510626        total: 14.5s    remaining: 2m 51s
39:     learn: 0.0510532        total: 14.8s    remaining: 2m 50s
32:     learn: 0.0537805        total: 14.9s    remaining: 2m
40:     learn: 0.0510428        total: 15.1s    remaining: 2m 49s
33:     learn: 0.0534898        total: 15.3s    remaining: 2m
41:     learn: 0.0510330        total: 15.5s    remaining: 2m 48s
34:     learn: 0.0532311        total: 15.8s    remaining: 1m 59s
42:     learn: 0.0510259        total: 15.8s    remaining: 2m 48s
35:     learn: 0.0530500        total: 16.1s    remaining: 1m 58s
43:     learn: 0.0510132        total: 16.2s    remaining: 2m 47s
44:     learn: 0.0510067        total: 16.5s    remaining: 2m 46s
36:     learn: 0.0528385        total: 16.6s    remaining: 1m 58s
45:     learn: 0.0509915        total: 16.9s    remaining: 2m 46s
37:     learn: 0.0526924        total: 17s      remaining: 1m 57s
46:     learn: 0.0509832        total: 17.2s    remaining: 2m 46s
38:     learn: 0.0525288        total: 17.4s    remaining: 1m 56s
47:     learn: 0.0509792        total: 17.6s    remaining: 2m 45s
39:     learn: 0.0523767        total: 17.9s    remaining: 1m 56s
48:     learn: 0.0509715        total: 17.9s    remaining: 2m 44s
49:     learn: 0.0509679        total: 18.3s    remaining: 2m 44s
40:     learn: 0.0522332        total: 18.4s    remaining: 1m 55s
50:     learn: 0.0509612        total: 18.7s    remaining: 2m 44s
41:     learn: 0.0521306        total: 18.8s    remaining: 1m 55s
51:     learn: 0.0509581        total: 19s      remaining: 2m 43s
42:     learn: 0.0520258        total: 19.2s    remaining: 1m 54s
52:     learn: 0.0509539        total: 19.3s    remaining: 2m 42s
53:     learn: 0.0509481        total: 19.6s    remaining: 2m 41s
43:     learn: 0.0519313        total: 19.7s    remaining: 1m 54s
54:     learn: 0.0509453        total: 19.9s    remaining: 2m 40s
44:     learn: 0.0518365        total: 20.2s    remaining: 1m 54s
55:     learn: 0.0509410        total: 20.2s    remaining: 2m 39s
56:     learn: 0.0509374        total: 20.5s    remaining: 2m 39s
45:     learn: 0.0517600        total: 20.6s    remaining: 1m 53s
57:     learn: 0.0509335        total: 20.8s    remaining: 2m 38s
46:     learn: 0.0516840        total: 21s      remaining: 1m 52s
58:     learn: 0.0509315        total: 21.1s    remaining: 2m 38s
47:     learn: 0.0516228        total: 21.4s    remaining: 1m 52s
59:     learn: 0.0509291        total: 21.5s    remaining: 2m 37s
60:     learn: 0.0509235        total: 21.8s    remaining: 2m 36s
48:     learn: 0.0515580        total: 21.9s    remaining: 1m 51s
61:     learn: 0.0509177        total: 22.1s    remaining: 2m 36s
49:     learn: 0.0514972        total: 22.3s    remaining: 1m 51s
62:     learn: 0.0509145        total: 22.5s    remaining: 2m 35s
50:     learn: 0.0514531        total: 22.8s    remaining: 1m 51s
63:     learn: 0.0509121        total: 22.9s    remaining: 2m 36s
64:     learn: 0.0509103        total: 23.3s    remaining: 2m 35s
51:     learn: 0.0514058        total: 23.4s    remaining: 1m 51s
65:     learn: 0.0509082        total: 23.6s    remaining: 2m 35s
52:     learn: 0.0513606        total: 23.9s    remaining: 1m 51s
66:     learn: 0.0509054        total: 24s      remaining: 2m 35s
53:     learn: 0.0513299        total: 24.3s    remaining: 1m 50s
67:     learn: 0.0509031        total: 24.3s    remaining: 2m 34s
68:     learn: 0.0509008        total: 24.7s    remaining: 2m 34s
54:     learn: 0.0512947        total: 24.7s    remaining: 1m 50s
69:     learn: 0.0508967        total: 25.1s    remaining: 2m 33s
55:     learn: 0.0512583        total: 25.2s    remaining: 1m 49s
70:     learn: 0.0508930        total: 25.4s    remaining: 2m 33s
56:     learn: 0.0512326        total: 25.6s    remaining: 1m 49s
71:     learn: 0.0508919        total: 25.7s    remaining: 2m 33s
57:     learn: 0.0512013        total: 26s      remaining: 1m 48s
72:     learn: 0.0508887        total: 26.1s    remaining: 2m 32s
73:     learn: 0.0508852        total: 26.4s    remaining: 2m 32s
58:     learn: 0.0511823        total: 26.5s    remaining: 1m 48s
74:     learn: 0.0508821        total: 26.8s    remaining: 2m 31s
59:     learn: 0.0511602        total: 27s      remaining: 1m 47s
75:     learn: 0.0508802        total: 27.2s    remaining: 2m 31s
60:     learn: 0.0511343        total: 27.3s    remaining: 1m 47s
76:     learn: 0.0508759        total: 27.5s    remaining: 2m 31s
61:     learn: 0.0511197        total: 27.7s    remaining: 1m 46s
77:     learn: 0.0508737        total: 28s      remaining: 2m 31s
62:     learn: 0.0510995        total: 28.2s    remaining: 1m 46s
78:     learn: 0.0508712        total: 28.4s    remaining: 2m 31s
63:     learn: 0.0510826        total: 28.6s    remaining: 1m 45s
79:     learn: 0.0508696        total: 28.8s    remaining: 2m 31s
64:     learn: 0.0510667        total: 29.1s    remaining: 1m 45s
80:     learn: 0.0508672        total: 29.2s    remaining: 2m 30s
81:     learn: 0.0508663        total: 29.5s    remaining: 2m 30s
65:     learn: 0.0510533        total: 29.5s    remaining: 1m 44s
82:     learn: 0.0508655        total: 29.8s    remaining: 2m 29s
66:     learn: 0.0510438        total: 29.9s    remaining: 1m 44s
83:     learn: 0.0508634        total: 30.2s    remaining: 2m 29s
67:     learn: 0.0510349        total: 30.4s    remaining: 1m 43s
84:     learn: 0.0508622        total: 30.5s    remaining: 2m 29s
68:     learn: 0.0510230        total: 30.9s    remaining: 1m 43s
85:     learn: 0.0508595        total: 30.9s    remaining: 2m 28s
86:     learn: 0.0508581        total: 31.3s    remaining: 2m 28s
69:     learn: 0.0510103        total: 31.3s    remaining: 1m 42s
87:     learn: 0.0508560        total: 31.6s    remaining: 2m 27s
70:     learn: 0.0509996        total: 31.8s    remaining: 1m 42s
88:     learn: 0.0508535        total: 32s      remaining: 2m 27s
71:     learn: 0.0509883        total: 32.2s    remaining: 1m 42s
89:     learn: 0.0508515        total: 32.3s    remaining: 2m 27s
90:     learn: 0.0508492        total: 32.6s    remaining: 2m 26s
72:     learn: 0.0509799        total: 32.7s    remaining: 1m 41s
91:     learn: 0.0508470        total: 33s      remaining: 2m 26s
73:     learn: 0.0509733        total: 33.1s    remaining: 1m 41s
92:     learn: 0.0508447        total: 33.3s    remaining: 2m 25s
74:     learn: 0.0509631        total: 33.6s    remaining: 1m 40s
93:     learn: 0.0508424        total: 33.7s    remaining: 2m 25s
75:     learn: 0.0509542        total: 34s      remaining: 1m 40s
94:     learn: 0.0508406        total: 34.1s    remaining: 2m 25s
76:     learn: 0.0509487        total: 34.4s    remaining: 1m 39s
95:     learn: 0.0508390        total: 34.5s    remaining: 2m 25s
96:     learn: 0.0508370        total: 34.8s    remaining: 2m 24s
77:     learn: 0.0509426        total: 34.9s    remaining: 1m 39s
97:     learn: 0.0508353        total: 35.2s    remaining: 2m 24s
78:     learn: 0.0509362        total: 35.3s    remaining: 1m 38s
98:     learn: 0.0508337        total: 35.5s    remaining: 2m 23s
79:     learn: 0.0509299        total: 35.7s    remaining: 1m 38s
99:     learn: 0.0508315        total: 35.8s    remaining: 2m 23s
80:     learn: 0.0509247        total: 36s      remaining: 1m 37s
100:    learn: 0.0508299        total: 36.1s    remaining: 2m 22s
81:     learn: 0.0509201        total: 36.4s    remaining: 1m 36s
101:    learn: 0.0508281        total: 36.4s    remaining: 2m 22s
102:    learn: 0.0508266        total: 36.7s    remaining: 2m 21s
82:     learn: 0.0509159        total: 36.9s    remaining: 1m 36s
103:    learn: 0.0508254        total: 37.1s    remaining: 2m 21s
83:     learn: 0.0509100        total: 37.4s    remaining: 1m 36s
104:    learn: 0.0508232        total: 37.5s    remaining: 2m 21s
84:     learn: 0.0509065        total: 37.8s    remaining: 1m 35s
105:    learn: 0.0508213        total: 37.9s    remaining: 2m 20s
85:     learn: 0.0509007        total: 38.2s    remaining: 1m 34s
106:    learn: 0.0508199        total: 38.3s    remaining: 2m 20s
86:     learn: 0.0508968        total: 38.6s    remaining: 1m 34s
107:    learn: 0.0508187        total: 38.6s    remaining: 2m 20s
87:     learn: 0.0508940        total: 39.1s    remaining: 1m 34s
108:    learn: 0.0508167        total: 39s      remaining: 2m 19s
109:    learn: 0.0508149        total: 39.4s    remaining: 2m 19s
88:     learn: 0.0508912        total: 39.5s    remaining: 1m 33s
110:    learn: 0.0508137        total: 39.7s    remaining: 2m 19s
89:     learn: 0.0508872        total: 39.9s    remaining: 1m 33s
111:    learn: 0.0508116        total: 40.1s    remaining: 2m 18s
90:     learn: 0.0508835        total: 40.3s    remaining: 1m 32s
112:    learn: 0.0508102        total: 40.4s    remaining: 2m 18s
91:     learn: 0.0508801        total: 40.7s    remaining: 1m 31s
113:    learn: 0.0508089        total: 40.7s    remaining: 2m 17s
92:     learn: 0.0508742        total: 41.1s    remaining: 1m 31s
114:    learn: 0.0508075        total: 41.1s    remaining: 2m 17s
115:    learn: 0.0508040        total: 41.4s    remaining: 2m 17s
93:     learn: 0.0508712        total: 41.6s    remaining: 1m 31s
116:    learn: 0.0508023        total: 41.7s    remaining: 2m 16s
94:     learn: 0.0508678        total: 42s      remaining: 1m 30s
117:    learn: 0.0508009        total: 42s      remaining: 2m 16s
118:    learn: 0.0507994        total: 42.4s    remaining: 2m 15s
95:     learn: 0.0508642        total: 42.5s    remaining: 1m 30s
119:    learn: 0.0507980        total: 42.7s    remaining: 2m 15s
96:     learn: 0.0508612        total: 43s      remaining: 1m 30s
120:    learn: 0.0507963        total: 43.2s    remaining: 2m 15s
97:     learn: 0.0508587        total: 43.5s    remaining: 1m 29s
121:    learn: 0.0507934        total: 43.5s    remaining: 2m 14s
122:    learn: 0.0507903        total: 43.8s    remaining: 2m 14s
98:     learn: 0.0508559        total: 44s      remaining: 1m 29s
123:    learn: 0.0507886        total: 44.2s    remaining: 2m 13s
99:     learn: 0.0508522        total: 44.3s    remaining: 1m 28s
124:    learn: 0.0507868        total: 44.4s    remaining: 2m 13s
125:    learn: 0.0507856        total: 44.7s    remaining: 2m 12s
100:    learn: 0.0508491        total: 44.8s    remaining: 1m 28s
126:    learn: 0.0507840        total: 45s      remaining: 2m 12s
101:    learn: 0.0508453        total: 45.1s    remaining: 1m 27s
127:    learn: 0.0507822        total: 45.4s    remaining: 2m 11s
102:    learn: 0.0508427        total: 45.6s    remaining: 1m 27s
128:    learn: 0.0507806        total: 45.7s    remaining: 2m 11s
129:    learn: 0.0507785        total: 46s      remaining: 2m 10s
103:    learn: 0.0508392        total: 46s      remaining: 1m 26s
130:    learn: 0.0507771        total: 46.3s    remaining: 2m 10s
104:    learn: 0.0508368        total: 46.4s    remaining: 1m 26s
131:    learn: 0.0507757        total: 46.6s    remaining: 2m 9s
105:    learn: 0.0508340        total: 46.8s    remaining: 1m 25s
132:    learn: 0.0507740        total: 47s      remaining: 2m 9s
106:    learn: 0.0508303        total: 47.2s    remaining: 1m 25s
133:    learn: 0.0507722        total: 47.4s    remaining: 2m 9s
107:    learn: 0.0508271        total: 47.6s    remaining: 1m 24s
134:    learn: 0.0507708        total: 47.7s    remaining: 2m 8s
135:    learn: 0.0507678        total: 48.1s    remaining: 2m 8s
108:    learn: 0.0508226        total: 48.1s    remaining: 1m 24s
136:    learn: 0.0507661        total: 48.4s    remaining: 2m 8s
109:    learn: 0.0508194        total: 48.5s    remaining: 1m 23s
137:    learn: 0.0507649        total: 48.8s    remaining: 2m 8s
110:    learn: 0.0508171        total: 49s      remaining: 1m 23s
138:    learn: 0.0507633        total: 49.2s    remaining: 2m 7s
111:    learn: 0.0508141        total: 49.4s    remaining: 1m 22s
139:    learn: 0.0507616        total: 49.5s    remaining: 2m 7s
140:    learn: 0.0507603        total: 49.8s    remaining: 2m 6s
112:    learn: 0.0508113        total: 49.8s    remaining: 1m 22s
141:    learn: 0.0507586        total: 50.2s    remaining: 2m 6s
113:    learn: 0.0508092        total: 50.3s    remaining: 1m 22s
142:    learn: 0.0507575        total: 50.5s    remaining: 2m 6s
114:    learn: 0.0508066        total: 50.7s    remaining: 1m 21s
143:    learn: 0.0507559        total: 50.9s    remaining: 2m 5s
115:    learn: 0.0508038        total: 51.1s    remaining: 1m 21s
144:    learn: 0.0507548        total: 51.2s    remaining: 2m 5s
116:    learn: 0.0508001        total: 51.5s    remaining: 1m 20s
145:    learn: 0.0507531        total: 51.6s    remaining: 2m 5s
146:    learn: 0.0507520        total: 51.9s    remaining: 2m 4s
117:    learn: 0.0507966        total: 51.9s    remaining: 1m 20s
147:    learn: 0.0507500        total: 52.3s    remaining: 2m 4s
118:    learn: 0.0507940        total: 52.3s    remaining: 1m 19s
148:    learn: 0.0507478        total: 52.6s    remaining: 2m 3s
119:    learn: 0.0507923        total: 52.8s    remaining: 1m 19s
149:    learn: 0.0507457        total: 53.1s    remaining: 2m 3s
120:    learn: 0.0507904        total: 53.3s    remaining: 1m 18s
150:    learn: 0.0507448        total: 53.4s    remaining: 2m 3s
121:    learn: 0.0507873        total: 53.7s    remaining: 1m 18s
151:    learn: 0.0507439        total: 53.7s    remaining: 2m 3s
122:    learn: 0.0507821        total: 54s      remaining: 1m 17s
152:    learn: 0.0507416        total: 54.1s    remaining: 2m 2s
123:    learn: 0.0507785        total: 54.4s    remaining: 1m 17s
153:    learn: 0.0507390        total: 54.5s    remaining: 2m 2s
154:    learn: 0.0507374        total: 54.8s    remaining: 2m 1s
124:    learn: 0.0507758        total: 54.8s    remaining: 1m 16s
125:    learn: 0.0507733        total: 55.2s    remaining: 1m 16s
155:    learn: 0.0507364        total: 55.2s    remaining: 2m 1s
126:    learn: 0.0507718        total: 55.6s    remaining: 1m 15s
156:    learn: 0.0507338        total: 55.6s    remaining: 2m 1s
127:    learn: 0.0507684        total: 55.9s    remaining: 1m 15s
157:    learn: 0.0507303        total: 56.1s    remaining: 2m 1s
128:    learn: 0.0507670        total: 56.3s    remaining: 1m 14s
158:    learn: 0.0507294        total: 56.4s    remaining: 2m
129:    learn: 0.0507654        total: 56.7s    remaining: 1m 14s
159:    learn: 0.0507276        total: 56.7s    remaining: 2m
130:    learn: 0.0507612        total: 57.1s    remaining: 1m 13s
160:    learn: 0.0507261        total: 57.2s    remaining: 2m
161:    learn: 0.0507251        total: 57.5s    remaining: 1m 59s
131:    learn: 0.0507601        total: 57.6s    remaining: 1m 13s
162:    learn: 0.0507242        total: 57.9s    remaining: 1m 59s
132:    learn: 0.0507577        total: 58s      remaining: 1m 12s
163:    learn: 0.0507229        total: 58.2s    remaining: 1m 59s
133:    learn: 0.0507553        total: 58.5s    remaining: 1m 12s
164:    learn: 0.0507206        total: 58.6s    remaining: 1m 58s
134:    learn: 0.0507527        total: 58.8s    remaining: 1m 11s
165:    learn: 0.0507188        total: 58.9s    remaining: 1m 58s
135:    learn: 0.0507500        total: 59.3s    remaining: 1m 11s
166:    learn: 0.0507178        total: 59.3s    remaining: 1m 58s
167:    learn: 0.0507160        total: 59.6s    remaining: 1m 57s
136:    learn: 0.0507471        total: 59.8s    remaining: 1m 11s
168:    learn: 0.0507151        total: 59.9s    remaining: 1m 57s
137:    learn: 0.0507453        total: 1m       remaining: 1m 10s
169:    learn: 0.0507130        total: 1m       remaining: 1m 57s
138:    learn: 0.0507433        total: 1m       remaining: 1m 10s
170:    learn: 0.0507108        total: 1m       remaining: 1m 56s
139:    learn: 0.0507417        total: 1m       remaining: 1m 9s
171:    learn: 0.0507081        total: 1m 1s    remaining: 1m 56s
172:    learn: 0.0507068        total: 1m 1s    remaining: 1m 56s
140:    learn: 0.0507394        total: 1m 1s    remaining: 1m 9s
173:    learn: 0.0507054        total: 1m 1s    remaining: 1m 55s
141:    learn: 0.0507372        total: 1m 1s    remaining: 1m 8s
174:    learn: 0.0507024        total: 1m 2s    remaining: 1m 55s
142:    learn: 0.0507349        total: 1m 2s    remaining: 1m 8s
175:    learn: 0.0507002        total: 1m 2s    remaining: 1m 54s
143:    learn: 0.0507334        total: 1m 2s    remaining: 1m 7s
176:    learn: 0.0506988        total: 1m 2s    remaining: 1m 54s
144:    learn: 0.0507313        total: 1m 3s    remaining: 1m 7s
177:    learn: 0.0506976        total: 1m 3s    remaining: 1m 54s
178:    learn: 0.0506963        total: 1m 3s    remaining: 1m 53s
145:    learn: 0.0507290        total: 1m 3s    remaining: 1m 7s
179:    learn: 0.0506955        total: 1m 3s    remaining: 1m 53s
146:    learn: 0.0507267        total: 1m 3s    remaining: 1m 6s
180:    learn: 0.0506925        total: 1m 4s    remaining: 1m 53s
147:    learn: 0.0507235        total: 1m 4s    remaining: 1m 6s
181:    learn: 0.0506911        total: 1m 4s    remaining: 1m 52s
148:    learn: 0.0507206        total: 1m 4s    remaining: 1m 5s
182:    learn: 0.0506890        total: 1m 4s    remaining: 1m 52s
183:    learn: 0.0506881        total: 1m 5s    remaining: 1m 51s
149:    learn: 0.0507183        total: 1m 5s    remaining: 1m 5s
184:    learn: 0.0506859        total: 1m 5s    remaining: 1m 51s
150:    learn: 0.0507160        total: 1m 5s    remaining: 1m 4s
185:    learn: 0.0506850        total: 1m 5s    remaining: 1m 51s
186:    learn: 0.0506830        total: 1m 6s    remaining: 1m 50s
151:    learn: 0.0507125        total: 1m 6s    remaining: 1m 4s
187:    learn: 0.0506808        total: 1m 6s    remaining: 1m 50s
152:    learn: 0.0507096        total: 1m 6s    remaining: 1m 4s
188:    learn: 0.0506792        total: 1m 6s    remaining: 1m 50s
153:    learn: 0.0507070        total: 1m 7s    remaining: 1m 3s
189:    learn: 0.0506767        total: 1m 7s    remaining: 1m 49s
154:    learn: 0.0507022        total: 1m 7s    remaining: 1m 3s
190:    learn: 0.0506747        total: 1m 7s    remaining: 1m 49s
191:    learn: 0.0506732        total: 1m 7s    remaining: 1m 48s
155:    learn: 0.0506984        total: 1m 7s    remaining: 1m 2s
192:    learn: 0.0506708        total: 1m 8s    remaining: 1m 48s
156:    learn: 0.0506961        total: 1m 8s    remaining: 1m 2s
193:    learn: 0.0506698        total: 1m 8s    remaining: 1m 48s
157:    learn: 0.0506935        total: 1m 8s    remaining: 1m 1s
194:    learn: 0.0506683        total: 1m 8s    remaining: 1m 47s
158:    learn: 0.0506917        total: 1m 9s    remaining: 1m 1s
195:    learn: 0.0506660        total: 1m 9s    remaining: 1m 47s
196:    learn: 0.0506643        total: 1m 9s    remaining: 1m 47s
159:    learn: 0.0506888        total: 1m 9s    remaining: 1m
197:    learn: 0.0506623        total: 1m 9s    remaining: 1m 46s
160:    learn: 0.0506866        total: 1m 10s   remaining: 1m
198:    learn: 0.0506614        total: 1m 10s   remaining: 1m 46s
161:    learn: 0.0506848        total: 1m 10s   remaining: 1m
199:    learn: 0.0506604        total: 1m 10s   remaining: 1m 45s
162:    learn: 0.0506826        total: 1m 10s   remaining: 59.5s
200:    learn: 0.0506586        total: 1m 10s   remaining: 1m 45s
163:    learn: 0.0506790        total: 1m 11s   remaining: 59.1s
201:    learn: 0.0506568        total: 1m 11s   remaining: 1m 45s
164:    learn: 0.0506769        total: 1m 11s   remaining: 58.7s
202:    learn: 0.0506556        total: 1m 11s   remaining: 1m 44s
203:    learn: 0.0506543        total: 1m 11s   remaining: 1m 44s
165:    learn: 0.0506749        total: 1m 12s   remaining: 58.2s
204:    learn: 0.0506521        total: 1m 12s   remaining: 1m 44s
166:    learn: 0.0506706        total: 1m 12s   remaining: 57.8s
205:    learn: 0.0506504        total: 1m 12s   remaining: 1m 43s
167:    learn: 0.0506687        total: 1m 12s   remaining: 57.3s
206:    learn: 0.0506496        total: 1m 12s   remaining: 1m 43s
168:    learn: 0.0506671        total: 1m 13s   remaining: 56.8s
207:    learn: 0.0506484        total: 1m 13s   remaining: 1m 42s
208:    learn: 0.0506469        total: 1m 13s   remaining: 1m 42s
169:    learn: 0.0506655        total: 1m 13s   remaining: 56.5s
209:    learn: 0.0506454        total: 1m 13s   remaining: 1m 42s
170:    learn: 0.0506635        total: 1m 14s   remaining: 56s
210:    learn: 0.0506435        total: 1m 14s   remaining: 1m 41s
171:    learn: 0.0506603        total: 1m 14s   remaining: 55.6s
211:    learn: 0.0506425        total: 1m 14s   remaining: 1m 41s
172:    learn: 0.0506582        total: 1m 15s   remaining: 55.2s
212:    learn: 0.0506410        total: 1m 15s   remaining: 1m 41s
173:    learn: 0.0506560        total: 1m 15s   remaining: 54.7s
213:    learn: 0.0506393        total: 1m 15s   remaining: 1m 40s
174:    learn: 0.0506527        total: 1m 16s   remaining: 54.3s
214:    learn: 0.0506349        total: 1m 15s   remaining: 1m 40s
215:    learn: 0.0506340        total: 1m 16s   remaining: 1m 40s
175:    learn: 0.0506509        total: 1m 16s   remaining: 53.9s
216:    learn: 0.0506328        total: 1m 16s   remaining: 1m 39s
176:    learn: 0.0506496        total: 1m 16s   remaining: 53.4s
217:    learn: 0.0506321        total: 1m 16s   remaining: 1m 39s
177:    learn: 0.0506485        total: 1m 17s   remaining: 53s
218:    learn: 0.0506313        total: 1m 17s   remaining: 1m 39s
219:    learn: 0.0506297        total: 1m 17s   remaining: 1m 38s
178:    learn: 0.0506461        total: 1m 17s   remaining: 52.6s
220:    learn: 0.0506281        total: 1m 17s   remaining: 1m 38s
179:    learn: 0.0506433        total: 1m 18s   remaining: 52.1s
221:    learn: 0.0506274        total: 1m 18s   remaining: 1m 37s
180:    learn: 0.0506399        total: 1m 18s   remaining: 51.7s
222:    learn: 0.0506263        total: 1m 18s   remaining: 1m 37s
181:    learn: 0.0506378        total: 1m 19s   remaining: 51.3s
223:    learn: 0.0506246        total: 1m 19s   remaining: 1m 37s
182:    learn: 0.0506357        total: 1m 19s   remaining: 50.9s
224:    learn: 0.0506238        total: 1m 19s   remaining: 1m 37s
183:    learn: 0.0506340        total: 1m 19s   remaining: 50.4s
225:    learn: 0.0506228        total: 1m 19s   remaining: 1m 36s
226:    learn: 0.0506208        total: 1m 20s   remaining: 1m 36s
184:    learn: 0.0506311        total: 1m 20s   remaining: 50s
227:    learn: 0.0506200        total: 1m 20s   remaining: 1m 36s
185:    learn: 0.0506291        total: 1m 20s   remaining: 49.6s
228:    learn: 0.0506185        total: 1m 20s   remaining: 1m 35s
186:    learn: 0.0506272        total: 1m 21s   remaining: 49.1s
229:    learn: 0.0506168        total: 1m 21s   remaining: 1m 35s
230:    learn: 0.0506157        total: 1m 21s   remaining: 1m 34s
187:    learn: 0.0506258        total: 1m 21s   remaining: 48.7s
231:    learn: 0.0506143        total: 1m 21s   remaining: 1m 34s
188:    learn: 0.0506219        total: 1m 22s   remaining: 48.2s
232:    learn: 0.0506133        total: 1m 22s   remaining: 1m 34s
189:    learn: 0.0506199        total: 1m 22s   remaining: 47.8s
233:    learn: 0.0506119        total: 1m 22s   remaining: 1m 33s
190:    learn: 0.0506178        total: 1m 22s   remaining: 47.4s
234:    learn: 0.0506099        total: 1m 22s   remaining: 1m 33s
235:    learn: 0.0506088        total: 1m 23s   remaining: 1m 33s
191:    learn: 0.0506149        total: 1m 23s   remaining: 46.9s
236:    learn: 0.0506074        total: 1m 23s   remaining: 1m 32s
192:    learn: 0.0506129        total: 1m 23s   remaining: 46.5s
237:    learn: 0.0506068        total: 1m 23s   remaining: 1m 32s
193:    learn: 0.0506114        total: 1m 24s   remaining: 46.1s
238:    learn: 0.0506053        total: 1m 24s   remaining: 1m 32s
194:    learn: 0.0506086        total: 1m 24s   remaining: 45.6s
239:    learn: 0.0506045        total: 1m 24s   remaining: 1m 31s
195:    learn: 0.0506069        total: 1m 25s   remaining: 45.2s
240:    learn: 0.0506022        total: 1m 25s   remaining: 1m 31s
196:    learn: 0.0506043        total: 1m 25s   remaining: 44.7s
241:    learn: 0.0506014        total: 1m 25s   remaining: 1m 31s
197:    learn: 0.0506023        total: 1m 26s   remaining: 44.3s
242:    learn: 0.0506001        total: 1m 25s   remaining: 1m 30s
243:    learn: 0.0505986        total: 1m 26s   remaining: 1m 30s
198:    learn: 0.0505999        total: 1m 26s   remaining: 43.9s
244:    learn: 0.0505971        total: 1m 26s   remaining: 1m 30s
199:    learn: 0.0505978        total: 1m 26s   remaining: 43.5s
245:    learn: 0.0505962        total: 1m 26s   remaining: 1m 29s
200:    learn: 0.0505959        total: 1m 27s   remaining: 43s
246:    learn: 0.0505952        total: 1m 27s   remaining: 1m 29s
247:    learn: 0.0505939        total: 1m 27s   remaining: 1m 29s
201:    learn: 0.0505914        total: 1m 27s   remaining: 42.6s
248:    learn: 0.0505931        total: 1m 27s   remaining: 1m 28s
202:    learn: 0.0505886        total: 1m 28s   remaining: 42.1s
249:    learn: 0.0505921        total: 1m 28s   remaining: 1m 28s
203:    learn: 0.0505869        total: 1m 28s   remaining: 41.7s
250:    learn: 0.0505912        total: 1m 28s   remaining: 1m 27s
204:    learn: 0.0505844        total: 1m 29s   remaining: 41.3s
251:    learn: 0.0505902        total: 1m 29s   remaining: 1m 27s
205:    learn: 0.0505829        total: 1m 29s   remaining: 40.8s
252:    learn: 0.0505892        total: 1m 29s   remaining: 1m 27s
253:    learn: 0.0505874        total: 1m 29s   remaining: 1m 26s
206:    learn: 0.0505810        total: 1m 29s   remaining: 40.4s
254:    learn: 0.0505867        total: 1m 30s   remaining: 1m 26s
207:    learn: 0.0505789        total: 1m 30s   remaining: 39.9s
255:    learn: 0.0505854        total: 1m 30s   remaining: 1m 26s
208:    learn: 0.0505757        total: 1m 30s   remaining: 39.5s
256:    learn: 0.0505848        total: 1m 30s   remaining: 1m 25s
209:    learn: 0.0505730        total: 1m 31s   remaining: 39s
257:    learn: 0.0505837        total: 1m 31s   remaining: 1m 25s
210:    learn: 0.0505710        total: 1m 31s   remaining: 38.6s
258:    learn: 0.0505824        total: 1m 31s   remaining: 1m 25s
211:    learn: 0.0505688        total: 1m 31s   remaining: 38.2s
259:    learn: 0.0505811        total: 1m 31s   remaining: 1m 24s
260:    learn: 0.0505804        total: 1m 32s   remaining: 1m 24s
212:    learn: 0.0505667        total: 1m 32s   remaining: 37.7s
261:    learn: 0.0505796        total: 1m 32s   remaining: 1m 24s
213:    learn: 0.0505646        total: 1m 32s   remaining: 37.3s
262:    learn: 0.0505790        total: 1m 32s   remaining: 1m 23s
214:    learn: 0.0505612        total: 1m 33s   remaining: 36.9s
263:    learn: 0.0505775        total: 1m 33s   remaining: 1m 23s
264:    learn: 0.0505755        total: 1m 33s   remaining: 1m 22s
215:    learn: 0.0505587        total: 1m 33s   remaining: 36.4s
265:    learn: 0.0505743        total: 1m 33s   remaining: 1m 22s
216:    learn: 0.0505566        total: 1m 34s   remaining: 36s
266:    learn: 0.0505733        total: 1m 34s   remaining: 1m 22s
217:    learn: 0.0505542        total: 1m 34s   remaining: 35.6s
267:    learn: 0.0505727        total: 1m 34s   remaining: 1m 21s
218:    learn: 0.0505524        total: 1m 34s   remaining: 35.1s
268:    learn: 0.0505721        total: 1m 35s   remaining: 1m 21s
219:    learn: 0.0505508        total: 1m 35s   remaining: 34.7s
269:    learn: 0.0505715        total: 1m 35s   remaining: 1m 21s
270:    learn: 0.0505699        total: 1m 35s   remaining: 1m 20s
220:    learn: 0.0505488        total: 1m 35s   remaining: 34.3s
271:    learn: 0.0505691        total: 1m 36s   remaining: 1m 20s
221:    learn: 0.0505477        total: 1m 36s   remaining: 33.8s
272:    learn: 0.0505677        total: 1m 36s   remaining: 1m 20s
222:    learn: 0.0505466        total: 1m 36s   remaining: 33.3s
273:    learn: 0.0505668        total: 1m 36s   remaining: 1m 19s
223:    learn: 0.0505450        total: 1m 36s   remaining: 32.9s
274:    learn: 0.0505651        total: 1m 37s   remaining: 1m 19s
224:    learn: 0.0505436        total: 1m 37s   remaining: 32.5s
275:    learn: 0.0505634        total: 1m 37s   remaining: 1m 19s
225:    learn: 0.0505408        total: 1m 37s   remaining: 32.1s
276:    learn: 0.0505623        total: 1m 37s   remaining: 1m 18s
277:    learn: 0.0505604        total: 1m 38s   remaining: 1m 18s
226:    learn: 0.0505387        total: 1m 38s   remaining: 31.6s
278:    learn: 0.0505597        total: 1m 38s   remaining: 1m 18s
227:    learn: 0.0505365        total: 1m 38s   remaining: 31.2s
279:    learn: 0.0505591        total: 1m 38s   remaining: 1m 17s
228:    learn: 0.0505348        total: 1m 39s   remaining: 30.8s
280:    learn: 0.0505574        total: 1m 39s   remaining: 1m 17s
281:    learn: 0.0505569        total: 1m 39s   remaining: 1m 16s
229:    learn: 0.0505331        total: 1m 39s   remaining: 30.3s
282:    learn: 0.0505563        total: 1m 39s   remaining: 1m 16s
230:    learn: 0.0505303        total: 1m 40s   remaining: 29.9s
283:    learn: 0.0505553        total: 1m 40s   remaining: 1m 16s
231:    learn: 0.0505291        total: 1m 40s   remaining: 29.4s
284:    learn: 0.0505543        total: 1m 40s   remaining: 1m 15s
232:    learn: 0.0505269        total: 1m 40s   remaining: 29s
285:    learn: 0.0505530        total: 1m 41s   remaining: 1m 15s
233:    learn: 0.0505253        total: 1m 41s   remaining: 28.6s
286:    learn: 0.0505523        total: 1m 41s   remaining: 1m 15s
234:    learn: 0.0505229        total: 1m 41s   remaining: 28.1s
287:    learn: 0.0505513        total: 1m 41s   remaining: 1m 14s
235:    learn: 0.0505208        total: 1m 42s   remaining: 27.7s
288:    learn: 0.0505503        total: 1m 42s   remaining: 1m 14s
289:    learn: 0.0505489        total: 1m 42s   remaining: 1m 14s
236:    learn: 0.0505164        total: 1m 42s   remaining: 27.3s
290:    learn: 0.0505481        total: 1m 42s   remaining: 1m 13s
237:    learn: 0.0505149        total: 1m 42s   remaining: 26.8s
291:    learn: 0.0505469        total: 1m 43s   remaining: 1m 13s
238:    learn: 0.0505131        total: 1m 43s   remaining: 26.4s
292:    learn: 0.0505456        total: 1m 43s   remaining: 1m 13s
239:    learn: 0.0505100        total: 1m 43s   remaining: 26s
293:    learn: 0.0505450        total: 1m 43s   remaining: 1m 12s
240:    learn: 0.0505080        total: 1m 44s   remaining: 25.6s
294:    learn: 0.0505424        total: 1m 44s   remaining: 1m 12s
295:    learn: 0.0505412        total: 1m 44s   remaining: 1m 12s
241:    learn: 0.0505053        total: 1m 44s   remaining: 25.1s
296:    learn: 0.0505402        total: 1m 45s   remaining: 1m 11s
242:    learn: 0.0505033        total: 1m 45s   remaining: 24.7s
297:    learn: 0.0505380        total: 1m 45s   remaining: 1m 11s
243:    learn: 0.0505002        total: 1m 45s   remaining: 24.2s
298:    learn: 0.0505363        total: 1m 45s   remaining: 1m 11s
244:    learn: 0.0504986        total: 1m 46s   remaining: 23.8s
299:    learn: 0.0505354        total: 1m 46s   remaining: 1m 10s
245:    learn: 0.0504959        total: 1m 46s   remaining: 23.4s
300:    learn: 0.0505343        total: 1m 46s   remaining: 1m 10s
246:    learn: 0.0504936        total: 1m 46s   remaining: 22.9s
301:    learn: 0.0505338        total: 1m 46s   remaining: 1m 10s
247:    learn: 0.0504917        total: 1m 47s   remaining: 22.5s
302:    learn: 0.0505300        total: 1m 47s   remaining: 1m 9s
248:    learn: 0.0504889        total: 1m 47s   remaining: 22.1s
303:    learn: 0.0505290        total: 1m 47s   remaining: 1m 9s
304:    learn: 0.0505279        total: 1m 47s   remaining: 1m 9s
249:    learn: 0.0504873        total: 1m 48s   remaining: 21.6s
305:    learn: 0.0505272        total: 1m 48s   remaining: 1m 8s
250:    learn: 0.0504853        total: 1m 48s   remaining: 21.2s
306:    learn: 0.0505257        total: 1m 48s   remaining: 1m 8s
251:    learn: 0.0504824        total: 1m 49s   remaining: 20.8s
307:    learn: 0.0505247        total: 1m 49s   remaining: 1m 7s
308:    learn: 0.0505235        total: 1m 49s   remaining: 1m 7s
252:    learn: 0.0504799        total: 1m 49s   remaining: 20.4s
309:    learn: 0.0505213        total: 1m 49s   remaining: 1m 7s
253:    learn: 0.0504775        total: 1m 50s   remaining: 19.9s
310:    learn: 0.0505206        total: 1m 50s   remaining: 1m 6s
254:    learn: 0.0504759        total: 1m 50s   remaining: 19.5s
311:    learn: 0.0505197        total: 1m 50s   remaining: 1m 6s
312:    learn: 0.0505188        total: 1m 50s   remaining: 1m 6s
255:    learn: 0.0504733        total: 1m 50s   remaining: 19.1s
313:    learn: 0.0505169        total: 1m 51s   remaining: 1m 5s
256:    learn: 0.0504718        total: 1m 51s   remaining: 18.6s
314:    learn: 0.0505159        total: 1m 51s   remaining: 1m 5s
257:    learn: 0.0504704        total: 1m 51s   remaining: 18.2s
315:    learn: 0.0505155        total: 1m 51s   remaining: 1m 5s
258:    learn: 0.0504679        total: 1m 52s   remaining: 17.8s
316:    learn: 0.0505134        total: 1m 52s   remaining: 1m 4s
259:    learn: 0.0504662        total: 1m 52s   remaining: 17.3s
317:    learn: 0.0505116        total: 1m 52s   remaining: 1m 4s
318:    learn: 0.0505106        total: 1m 52s   remaining: 1m 4s
260:    learn: 0.0504645        total: 1m 53s   remaining: 16.9s
319:    learn: 0.0505098        total: 1m 53s   remaining: 1m 3s
261:    learn: 0.0504622        total: 1m 53s   remaining: 16.5s
320:    learn: 0.0505085        total: 1m 53s   remaining: 1m 3s
262:    learn: 0.0504601        total: 1m 53s   remaining: 16s
321:    learn: 0.0505065        total: 1m 54s   remaining: 1m 3s
263:    learn: 0.0504575        total: 1m 54s   remaining: 15.6s
322:    learn: 0.0505056        total: 1m 54s   remaining: 1m 2s
264:    learn: 0.0504562        total: 1m 54s   remaining: 15.2s
323:    learn: 0.0505048        total: 1m 54s   remaining: 1m 2s
324:    learn: 0.0505042        total: 1m 54s   remaining: 1m 1s
265:    learn: 0.0504546        total: 1m 55s   remaining: 14.7s
325:    learn: 0.0505029        total: 1m 55s   remaining: 1m 1s
266:    learn: 0.0504528        total: 1m 55s   remaining: 14.3s
326:    learn: 0.0505021        total: 1m 55s   remaining: 1m 1s
327:    learn: 0.0505014        total: 1m 55s   remaining: 1m
267:    learn: 0.0504508        total: 1m 56s   remaining: 13.9s
328:    learn: 0.0504998        total: 1m 56s   remaining: 1m
268:    learn: 0.0504493        total: 1m 56s   remaining: 13.4s
329:    learn: 0.0504986        total: 1m 56s   remaining: 1m
269:    learn: 0.0504481        total: 1m 57s   remaining: 13s
330:    learn: 0.0504975        total: 1m 57s   remaining: 59.7s
270:    learn: 0.0504465        total: 1m 57s   remaining: 12.6s
331:    learn: 0.0504967        total: 1m 57s   remaining: 59.4s
332:    learn: 0.0504959        total: 1m 57s   remaining: 59s
271:    learn: 0.0504435        total: 1m 57s   remaining: 12.1s
333:    learn: 0.0504951        total: 1m 57s   remaining: 58.6s
334:    learn: 0.0504946        total: 1m 58s   remaining: 58.2s
272:    learn: 0.0504422        total: 1m 58s   remaining: 11.7s
335:    learn: 0.0504934        total: 1m 58s   remaining: 57.9s
273:    learn: 0.0504410        total: 1m 58s   remaining: 11.3s
336:    learn: 0.0504923        total: 1m 59s   remaining: 57.6s
274:    learn: 0.0504392        total: 1m 59s   remaining: 10.9s
337:    learn: 0.0504916        total: 1m 59s   remaining: 57.2s
275:    learn: 0.0504378        total: 1m 59s   remaining: 10.4s
338:    learn: 0.0504910        total: 1m 59s   remaining: 56.9s
276:    learn: 0.0504356        total: 2m       remaining: 9.98s
339:    learn: 0.0504901        total: 2m       remaining: 56.5s
277:    learn: 0.0504337        total: 2m       remaining: 9.54s
340:    learn: 0.0504895        total: 2m       remaining: 56.2s
341:    learn: 0.0504880        total: 2m       remaining: 55.8s
278:    learn: 0.0504316        total: 2m 1s    remaining: 9.11s
342:    learn: 0.0504872        total: 2m 1s    remaining: 55.5s
279:    learn: 0.0504293        total: 2m 1s    remaining: 8.68s
343:    learn: 0.0504864        total: 2m 1s    remaining: 55.1s
280:    learn: 0.0504273        total: 2m 1s    remaining: 8.24s
344:    learn: 0.0504853        total: 2m 1s    remaining: 54.8s
281:    learn: 0.0504253        total: 2m 2s    remaining: 7.81s
345:    learn: 0.0504846        total: 2m 2s    remaining: 54.4s
282:    learn: 0.0504224        total: 2m 2s    remaining: 7.37s
346:    learn: 0.0504838        total: 2m 2s    remaining: 54.1s
283:    learn: 0.0504207        total: 2m 3s    remaining: 6.93s
347:    learn: 0.0504834        total: 2m 3s    remaining: 53.7s
284:    learn: 0.0504195        total: 2m 3s    remaining: 6.5s
348:    learn: 0.0504829        total: 2m 3s    remaining: 53.4s
349:    learn: 0.0504825        total: 2m 3s    remaining: 53s
285:    learn: 0.0504181        total: 2m 3s    remaining: 6.07s
350:    learn: 0.0504818        total: 2m 4s    remaining: 52.7s
286:    learn: 0.0504166        total: 2m 4s    remaining: 5.63s
351:    learn: 0.0504793        total: 2m 4s    remaining: 52.3s
287:    learn: 0.0504148        total: 2m 4s    remaining: 5.2s
352:    learn: 0.0504782        total: 2m 4s    remaining: 52s
353:    learn: 0.0504767        total: 2m 5s    remaining: 51.6s
288:    learn: 0.0504134        total: 2m 5s    remaining: 4.77s
354:    learn: 0.0504755        total: 2m 5s    remaining: 51.3s
289:    learn: 0.0504119        total: 2m 5s    remaining: 4.33s
355:    learn: 0.0504740        total: 2m 5s    remaining: 50.9s
290:    learn: 0.0504100        total: 2m 6s    remaining: 3.9s
356:    learn: 0.0504731        total: 2m 6s    remaining: 50.6s
291:    learn: 0.0504088        total: 2m 6s    remaining: 3.47s
357:    learn: 0.0504707        total: 2m 6s    remaining: 50.2s
292:    learn: 0.0504060        total: 2m 7s    remaining: 3.04s
358:    learn: 0.0504702        total: 2m 6s    remaining: 49.9s
293:    learn: 0.0504043        total: 2m 7s    remaining: 2.6s
359:    learn: 0.0504694        total: 2m 7s    remaining: 49.5s
360:    learn: 0.0504682        total: 2m 7s    remaining: 49.2s
294:    learn: 0.0504020        total: 2m 7s    remaining: 2.17s
361:    learn: 0.0504677        total: 2m 7s    remaining: 48.8s
295:    learn: 0.0503992        total: 2m 8s    remaining: 1.73s
362:    learn: 0.0504665        total: 2m 8s    remaining: 48.4s
296:    learn: 0.0503973        total: 2m 8s    remaining: 1.3s
363:    learn: 0.0504655        total: 2m 8s    remaining: 48.1s
297:    learn: 0.0503953        total: 2m 9s    remaining: 867ms
364:    learn: 0.0504650        total: 2m 9s    remaining: 47.7s
365:    learn: 0.0504644        total: 2m 9s    remaining: 47.4s
298:    learn: 0.0503935        total: 2m 9s    remaining: 434ms
366:    learn: 0.0504634        total: 2m 9s    remaining: 47s
299:    learn: 0.0503918        total: 2m 10s   remaining: 0us
367:    learn: 0.0504624        total: 2m 9s    remaining: 46.6s
Training completed
=== train_catboost END ===
368:    learn: 0.0504620        total: 2m 10s   remaining: 46.2s
369:    learn: 0.0504617        total: 2m 10s   remaining: 45.8s
370:    learn: 0.0504609        total: 2m 10s   remaining: 45.4s
371:    learn: 0.0504599        total: 2m 10s   remaining: 44.9s
372:    learn: 0.0504581        total: 2m 10s   remaining: 44.5s
373:    learn: 0.0504567        total: 2m 10s   remaining: 44.1s
374:    learn: 0.0504548        total: 2m 11s   remaining: 43.7s
375:    learn: 0.0504536        total: 2m 11s   remaining: 43.3s
376:    learn: 0.0504524        total: 2m 11s   remaining: 42.9s
377:    learn: 0.0504519        total: 2m 11s   remaining: 42.5s
378:    learn: 0.0504510        total: 2m 11s   remaining: 42.1s
379:    learn: 0.0504500        total: 2m 11s   remaining: 41.7s
380:    learn: 0.0504489        total: 2m 12s   remaining: 41.3s
381:    learn: 0.0504479        total: 2m 12s   remaining: 40.9s
382:    learn: 0.0504470        total: 2m 12s   remaining: 40.5s
383:    learn: 0.0504457        total: 2m 12s   remaining: 40.1s
384:    learn: 0.0504446        total: 2m 12s   remaining: 39.7s
385:    learn: 0.0504440        total: 2m 12s   remaining: 39.3s
386:    learn: 0.0504428        total: 2m 13s   remaining: 38.9s
387:    learn: 0.0504423        total: 2m 13s   remaining: 38.5s
388:    learn: 0.0504409        total: 2m 13s   remaining: 38.1s
389:    learn: 0.0504402        total: 2m 13s   remaining: 37.7s
390:    learn: 0.0504392        total: 2m 13s   remaining: 37.3s
391:    learn: 0.0504385        total: 2m 13s   remaining: 36.9s
392:    learn: 0.0504380        total: 2m 14s   remaining: 36.5s
393:    learn: 0.0504370        total: 2m 14s   remaining: 36.1s
394:    learn: 0.0504368        total: 2m 14s   remaining: 35.7s
395:    learn: 0.0504363        total: 2m 14s   remaining: 35.4s
396:    learn: 0.0504350        total: 2m 14s   remaining: 35s
397:    learn: 0.0504340        total: 2m 14s   remaining: 34.6s
398:    learn: 0.0504331        total: 2m 15s   remaining: 34.2s
399:    learn: 0.0504318        total: 2m 15s   remaining: 33.8s
400:    learn: 0.0504308        total: 2m 15s   remaining: 33.4s
401:    learn: 0.0504295        total: 2m 15s   remaining: 33.1s
402:    learn: 0.0504290        total: 2m 15s   remaining: 32.7s
403:    learn: 0.0504273        total: 2m 15s   remaining: 32.3s
404:    learn: 0.0504265        total: 2m 16s   remaining: 31.9s
405:    learn: 0.0504253        total: 2m 16s   remaining: 31.6s
406:    learn: 0.0504235        total: 2m 16s   remaining: 31.2s
407:    learn: 0.0504229        total: 2m 16s   remaining: 30.8s
408:    learn: 0.0504221        total: 2m 16s   remaining: 30.4s
409:    learn: 0.0504205        total: 2m 16s   remaining: 30.1s
410:    learn: 0.0504188        total: 2m 17s   remaining: 29.7s
411:    learn: 0.0504169        total: 2m 17s   remaining: 29.3s
412:    learn: 0.0504157        total: 2m 17s   remaining: 29s
413:    learn: 0.0504144        total: 2m 17s   remaining: 28.6s
414:    learn: 0.0504132        total: 2m 17s   remaining: 28.2s
415:    learn: 0.0504121        total: 2m 17s   remaining: 27.9s
416:    learn: 0.0504114        total: 2m 18s   remaining: 27.5s
417:    learn: 0.0504108        total: 2m 18s   remaining: 27.1s
418:    learn: 0.0504094        total: 2m 18s   remaining: 26.8s
419:    learn: 0.0504087        total: 2m 18s   remaining: 26.4s
420:    learn: 0.0504075        total: 2m 18s   remaining: 26.1s
421:    learn: 0.0504067        total: 2m 19s   remaining: 25.7s
422:    learn: 0.0504060        total: 2m 19s   remaining: 25.3s
423:    learn: 0.0504050        total: 2m 19s   remaining: 25s
424:    learn: 0.0504039        total: 2m 19s   remaining: 24.6s
425:    learn: 0.0504030        total: 2m 19s   remaining: 24.3s
426:    learn: 0.0504021        total: 2m 19s   remaining: 23.9s
427:    learn: 0.0504015        total: 2m 19s   remaining: 23.5s
428:    learn: 0.0504005        total: 2m 20s   remaining: 23.2s
429:    learn: 0.0503993        total: 2m 20s   remaining: 22.8s
430:    learn: 0.0503986        total: 2m 20s   remaining: 22.5s
431:    learn: 0.0503975        total: 2m 20s   remaining: 22.1s
432:    learn: 0.0503969        total: 2m 20s   remaining: 21.8s
433:    learn: 0.0503961        total: 2m 21s   remaining: 21.5s
434:    learn: 0.0503946        total: 2m 21s   remaining: 21.1s
435:    learn: 0.0503939        total: 2m 21s   remaining: 20.8s
436:    learn: 0.0503933        total: 2m 21s   remaining: 20.4s
437:    learn: 0.0503907        total: 2m 21s   remaining: 20.1s
438:    learn: 0.0503896        total: 2m 21s   remaining: 19.7s
439:    learn: 0.0503883        total: 2m 22s   remaining: 19.4s
440:    learn: 0.0503876        total: 2m 22s   remaining: 19s
441:    learn: 0.0503854        total: 2m 22s   remaining: 18.7s
442:    learn: 0.0503843        total: 2m 22s   remaining: 18.4s
443:    learn: 0.0503833        total: 2m 22s   remaining: 18s
444:    learn: 0.0503826        total: 2m 23s   remaining: 17.7s
445:    learn: 0.0503813        total: 2m 23s   remaining: 17.3s
446:    learn: 0.0503807        total: 2m 23s   remaining: 17s
447:    learn: 0.0503800        total: 2m 23s   remaining: 16.7s
448:    learn: 0.0503788        total: 2m 23s   remaining: 16.3s
449:    learn: 0.0503785        total: 2m 23s   remaining: 16s
450:    learn: 0.0503776        total: 2m 24s   remaining: 15.7s
451:    learn: 0.0503768        total: 2m 24s   remaining: 15.3s
452:    learn: 0.0503759        total: 2m 24s   remaining: 15s
453:    learn: 0.0503751        total: 2m 24s   remaining: 14.7s
454:    learn: 0.0503738        total: 2m 24s   remaining: 14.3s
455:    learn: 0.0503727        total: 2m 25s   remaining: 14s
456:    learn: 0.0503724        total: 2m 25s   remaining: 13.7s
457:    learn: 0.0503719        total: 2m 25s   remaining: 13.3s
458:    learn: 0.0503712        total: 2m 25s   remaining: 13s
459:    learn: 0.0503707        total: 2m 25s   remaining: 12.7s
460:    learn: 0.0503700        total: 2m 25s   remaining: 12.3s
461:    learn: 0.0503693        total: 2m 26s   remaining: 12s
462:    learn: 0.0503670        total: 2m 26s   remaining: 11.7s
463:    learn: 0.0503662        total: 2m 26s   remaining: 11.4s
464:    learn: 0.0503658        total: 2m 26s   remaining: 11s
465:    learn: 0.0503649        total: 2m 26s   remaining: 10.7s
466:    learn: 0.0503640        total: 2m 26s   remaining: 10.4s
467:    learn: 0.0503635        total: 2m 27s   remaining: 10.1s
468:    learn: 0.0503612        total: 2m 27s   remaining: 9.73s
469:    learn: 0.0503601        total: 2m 27s   remaining: 9.41s
470:    learn: 0.0503592        total: 2m 27s   remaining: 9.08s
471:    learn: 0.0503582        total: 2m 27s   remaining: 8.76s
472:    learn: 0.0503576        total: 2m 27s   remaining: 8.44s
473:    learn: 0.0503554        total: 2m 28s   remaining: 8.12s
474:    learn: 0.0503543        total: 2m 28s   remaining: 7.8s
475:    learn: 0.0503537        total: 2m 28s   remaining: 7.48s
476:    learn: 0.0503531        total: 2m 28s   remaining: 7.16s
477:    learn: 0.0503523        total: 2m 28s   remaining: 6.84s
478:    learn: 0.0503515        total: 2m 28s   remaining: 6.53s
479:    learn: 0.0503502        total: 2m 29s   remaining: 6.21s
480:    learn: 0.0503495        total: 2m 29s   remaining: 5.89s
481:    learn: 0.0503487        total: 2m 29s   remaining: 5.58s
482:    learn: 0.0503482        total: 2m 29s   remaining: 5.26s
483:    learn: 0.0503478        total: 2m 29s   remaining: 4.95s
484:    learn: 0.0503460        total: 2m 29s   remaining: 4.63s
485:    learn: 0.0503453        total: 2m 30s   remaining: 4.32s
486:    learn: 0.0503446        total: 2m 30s   remaining: 4.01s
487:    learn: 0.0503437        total: 2m 30s   remaining: 3.7s
488:    learn: 0.0503410        total: 2m 30s   remaining: 3.39s
489:    learn: 0.0503403        total: 2m 30s   remaining: 3.08s
490:    learn: 0.0503395        total: 2m 30s   remaining: 2.77s
491:    learn: 0.0503383        total: 2m 31s   remaining: 2.46s
492:    learn: 0.0503378        total: 2m 31s   remaining: 2.15s
493:    learn: 0.0503370        total: 2m 31s   remaining: 1.84s
494:    learn: 0.0503356        total: 2m 31s   remaining: 1.53s
495:    learn: 0.0503349        total: 2m 31s   remaining: 1.22s
496:    learn: 0.0503341        total: 2m 31s   remaining: 917ms
497:    learn: 0.0503331        total: 2m 32s   remaining: 611ms
498:    learn: 0.0503321        total: 2m 32s   remaining: 305ms
499:    learn: 0.0503304        total: 2m 32s   remaining: 0us
Training completed
=== train_catboost END ===
Launching the next 1 steps
Launching step [evaluate_exp2]
Launching step: evaluate_exp2
Parameters:
{'kwargs_artifacts/model': '${train_exp2.id}.model_exp2', 'kwargs_artifacts/X_val': '${load_data.id}.X_val', 'kwargs_artifacts/y_val': '${load_data.id}.y_val', 'kwargs_artifacts/params': '36db4a376984490c81f8842da3461b27.evaluate_exp2.params'}
Configurations:
{}
Overrides:
{}
ClearML results page: http://158.160.23.216:8090/projects/cf44a82dc4e745ecb1f9f14e1e6aac60/experiments/f24b10b5c808473e85687675a451d5c6/output/log
2026-05-24 11:34:13,380 - clearml.resource_monitor - WARNING - Could not fetch GPU stats: NVML Shared Library Not Found
=== evaluate_model START ===
Params: {'depth': 6, 'learning_rate': 0.05, 'iterations': 300}
X_val shape: (534122, 7), y_val shape: (534122,)
Getting prediction probabilities...
Predictions ready, shape: (534122,)
Calculating PR-AUC...
PR-AUC = 0.126408
Reporting metrics to ClearML...
=== evaluate_model END ===
ClearML Monitor: GPU monitoring failed getting GPU reading, switching off GPU monitoring
Launching the next 1 steps
Launching step [evaluate_exp1]
Launching step: evaluate_exp1
Parameters:
{'kwargs_artifacts/model': '${train_exp1.id}.model_exp1', 'kwargs_artifacts/X_val': '${load_data.id}.X_val', 'kwargs_artifacts/y_val': '${load_data.id}.y_val', 'kwargs_artifacts/params': '36db4a376984490c81f8842da3461b27.evaluate_exp1.params'}
Configurations:
{}
Overrides:
{}
ClearML results page: http://158.160.23.216:8090/projects/cf44a82dc4e745ecb1f9f14e1e6aac60/experiments/20b551834970444682fa5403b65d2a06/output/log
2026-05-24 11:34:25,807 - clearml.resource_monitor - WARNING - Could not fetch GPU stats: NVML Shared Library Not Found
=== evaluate_model START ===
Params: {'depth': 4, 'learning_rate': 0.1, 'iterations': 500}
X_val shape: (534122, 7), y_val shape: (534122,)
Getting prediction probabilities...
Predictions ready, shape: (534122,)
Calculating PR-AUC...
PR-AUC = 0.126380
Reporting metrics to ClearML...
=== evaluate_model END ===
ClearML Monitor: GPU monitoring failed getting GPU reading, switching off GPU monitoring
Launching the next 0 steps
Launching the next 0 steps
Setting pipeline controller Task as failed (due to failed steps) !
Pipeline finished